// Jest Snapshot v1, https://goo.gl/fbAQLP

exports[`MeterTable matches snapshot 1`] = `
"<ForwardRef(TableContainer) component={{...}} sx={{...}}>
  <ForwardRef(Typography) variant="h6" sx={{...}}>
    Utility Meters
  </ForwardRef(Typography)>
  <ForwardRef(Table)>
    <ForwardRef(TableHead)>
      <ForwardRef(TableRow)>
        <ForwardRef(TableCell)>
          Meter Number
        </ForwardRef(TableCell)>
        <ForwardRef(TableCell)>
          Actual Consumption
        </ForwardRef(TableCell)>
        <ForwardRef(TableCell)>
          Baseline Consumption
        </ForwardRef(TableCell)>
        <ForwardRef(TableCell)>
          Actual Cost
        </ForwardRef(TableCell)>
        <ForwardRef(TableCell)>
          Baseline Cost
        </ForwardRef(TableCell)>
        <ForwardRef(TableCell)>
          Cost Savings
        </ForwardRef(TableCell)>
        <ForwardRef(TableCell)>
          Consumption Savings
        </ForwardRef(TableCell)>
      </ForwardRef(TableRow)>
    </ForwardRef(TableHead)>
    <ForwardRef(TableBody)>
      <ForwardRef(TableRow)>
        <ForwardRef(TableCell)>
          Meter1
        </ForwardRef(TableCell)>
        <ForwardRef(TableCell)>
          2000
        </ForwardRef(TableCell)>
        <ForwardRef(TableCell)>
          3000
        </ForwardRef(TableCell)>
        <ForwardRef(TableCell)>
          $
          2000
        </ForwardRef(TableCell)>
        <ForwardRef(TableCell)>
          $
          3000
        </ForwardRef(TableCell)>
        <ForwardRef(TableCell)>
          $
          11
           (
          20.7
          %)
        </ForwardRef(TableCell)>
        <ForwardRef(TableCell)>
          11
           (
          20.7
          %)
        </ForwardRef(TableCell)>
      </ForwardRef(TableRow)>
    </ForwardRef(TableBody)>
  </ForwardRef(Table)>
</ForwardRef(TableContainer)>"
`;
